version https://git-lfs.github.com/spec/v1
oid sha256:b363664a375613f7382d4f5f48fb91c00ec28a3e2a5d60d50adad6992b6b55c3
size 619
