version https://git-lfs.github.com/spec/v1
oid sha256:eff483f1b50f78396331e022bdd536d926088b30b86dfed851f7ef20dca2d86f
size 18047
