version https://git-lfs.github.com/spec/v1
oid sha256:95901baabe968937f252777e97c8c497fa0cf445dba5959c7d3d1c4aa11a958f
size 53429
