version https://git-lfs.github.com/spec/v1
oid sha256:d13ca8d7094a30b0006d6f1eb728aabd1f62e00d7f5fcb7e493efffbf8a6aa73
size 88651
