version https://git-lfs.github.com/spec/v1
oid sha256:f497ba046ecaea55bf9d15165a364f9f370c0271083aa5c0cdede6fc7f97bbb1
size 608
