version https://git-lfs.github.com/spec/v1
oid sha256:f5fc4168709f780c48ea063a3fa8e8b04c133fd3952fe2519866b0fa3d2d9bdf
size 592
